2026/09/29 02:17:51 - HopRun - Referencing environment 'docker-env' for project desafio_dados_2' in null
2026/09/29 02:17:51 - HopRun - Enabling project 'desafio_dados_2'
2026/09/29 02:17:51 - HopRun - Two-way password encoder initialized with plugin ID 'Hop' for project 'desafio_dados_2'
2026/09/29 02:17:51 - HopRun - Starting pipeline: /files/pipelines/falha_arquivo_json.hpl
2026/09/29 02:17:51 - falha_arquivo_json - Executing this pipeline using the Local Pipeline Engine with run configuration 'local'
2026/09/29 02:17:51 - falha_arquivo_json - Execution started for pipeline [falha_arquivo_json]
2026/09/29 02:17:51 - Gravar quarentena.0 - Connected to database [pg_desafio] (commit=1000)
docker.exe : 2026/09/29 02:17:51 - Ler JSON.0 - ERROR: No file(s) specified! Stop processing.
No D:\Desafio Dados\Desafios_Dados\scripts\_comum.ps1:75 caractere:14
+     $saida = & docker exec desafio_apache_hop sh -c $cmd 2>&1
+              ~~~~~~~~~~~~~~~~~~~~~~~~~~~~~~~~~~~~~~~~~~~~~~~~
    + CategoryInfo          : NotSpecified: (2026/09/29 02:1...top processing.:String) [], RemoteException
    + FullyQualifiedErrorId : NativeCommandError
 
2026/09/29 02:17:51 - Ler JSON.0 - ERROR: No file(s) specified! Stop processing.
2026/09/29 02:17:51 - Ler JSON.0 - ERROR: Error parsing file [/dados/brutos/_comentario_corrompido.json]!
2026/09/29 02:17:51 - Ler JSON.0 - com.jayway.jsonpath.InvalidJsonException: net.minidev.json.parser.ParseException: 
Unexpected End Of File position 46: null
2026/09/29 02:17:51 - Ler JSON.0 - 	at 
com.jayway.jsonpath.spi.json.JsonSmartJsonProvider.parse(JsonSmartJsonProvider.java:73)
2026/09/29 02:17:51 - Ler JSON.0 - 	at com.jayway.jsonpath.internal.ParseContextImpl.parse(ParseContextImpl.java:58)
2026/09/29 02:17:51 - Ler JSON.0 - 	at 
org.apache.hop.pipeline.transforms.jsoninput.reader.FastJsonReader.readInput(FastJsonReader.java:163)
2026/09/29 02:17:51 - Ler JSON.0 - 	at 
org.apache.hop.pipeline.transforms.jsoninput.reader.FastJsonReader.parseStringValue(FastJsonReader.java:194)
2026/09/29 02:17:51 - Ler JSON.0 - 	at 
org.apache.hop.pipeline.transforms.jsoninput.JsonInput.parseNextInputToRowSet(JsonInput.java:328)
2026/09/29 02:17:51 - Ler JSON.0 - 	at 
org.apache.hop.pipeline.transforms.jsoninput.JsonInput.getOneOutputRow(JsonInput.java:460)
2026/09/29 02:17:51 - Ler JSON.0 - 	at 
org.apache.hop.pipeline.transforms.jsoninput.JsonInput.processRow(JsonInput.java:118)
2026/09/29 02:17:51 - Ler JSON.0 - 	at org.apache.hop.pipeline.transform.RunThread.run(RunThread.java:54)
2026/09/29 02:17:51 - Ler JSON.0 - 	at java.base/java.lang.Thread.run(Thread.java:1583)
2026/09/29 02:17:51 - Ler JSON.0 - Caused by: net.minidev.json.parser.ParseException: Unexpected End Of File position 
46: null
2026/09/29 02:17:51 - Ler JSON.0 - 	at net.minidev.json.parser.JSONParserBase.readString2(JSONParserBase.java:670)
2026/09/29 02:17:51 - Ler JSON.0 - 	at net.minidev.json.parser.JSONParserStream.readString(JSONParserStream.java:134)
2026/09/29 02:17:51 - Ler JSON.0 - 	at net.minidev.json.parser.JSONParserBase.readMain(JSONParserBase.java:480)
2026/09/29 02:17:51 - Ler JSON.0 - 	at net.minidev.json.parser.JSONParserBase.readObject(JSONParserBase.java:623)
2026/09/29 02:17:51 - Ler JSON.0 - 	at net.minidev.json.parser.JSONParserBase.readFirst(JSONParserBase.java:376)
2026/09/29 02:17:51 - Ler JSON.0 - 	at net.minidev.json.parser.JSONParserBase.parseInner(JSONParserBase.java:233)
2026/09/29 02:17:51 - Ler JSON.0 - 	at net.minidev.json.parser.JSONParserBase.parse(JSONParserBase.java:211)
2026/09/29 02:17:51 - Ler JSON.0 - 	at net.minidev.json.parser.JSONParserReader.parse(JSONParserReader.java:58)
2026/09/29 02:17:51 - Ler JSON.0 - 	at net.minidev.json.parser.JSONParser.parse(JSONParser.java:287)
2026/09/29 02:17:51 - Ler JSON.0 - 	at 
com.jayway.jsonpath.spi.json.JsonSmartJsonProvider.parse(JsonSmartJsonProvider.java:71)
2026/09/29 02:17:51 - Ler JSON.0 - 	... 8 more
2026/09/29 02:17:51 - Ler JSON.0 - ERROR: Error parsing file [/dados/brutos/_comentario_corrompido.json]!
2026/09/29 02:17:51 - Ler JSON.0 - Finished processing (I=0, O=0, R=0, W=0, U=0, E=2)
2026/09/29 02:17:51 - Montar registro de quarentena.0 - Finished processing (I=0, O=0, R=2, W=2, U=0, E=0)
2026/09/29 02:17:51 - So o erro real de parse.0 - Finished processing (I=0, O=0, R=2, W=1, U=0, E=0)
2026/09/29 02:17:51 - Get Variables.0 - Finished processing (I=0, O=0, R=1, W=1, U=0, E=0)
2026/09/29 02:17:51 - Gravar quarentena.0 - Finished processing (I=0, O=1, R=1, W=1, U=0, E=0)
2026/09/29 02:17:51 - falha_arquivo_json - Pipeline duration : 0.426 seconds [  0.426" ]
2026/09/29 02:17:51 - falha_arquivo_json - Execution finished on a local pipeline engine with run configuration 'local'
HopRun exit.
